------------------------------------------------------------
Timing Analyzer Summary
------------------------------------------------------------

Type  : Slow 1100mV 85C Model Setup 'clk'
Slack : -0.044
TNS   : -0.076

Type  : Slow 1100mV 85C Model Hold 'clk'
Slack : 0.310
TNS   : 0.000

Type  : Slow 1100mV 85C Model Minimum Pulse Width 'clk'
Slack : -0.724
TNS   : -4.425

Type  : Slow 1100mV 0C Model Setup 'clk'
Slack : -0.006
TNS   : -0.009

Type  : Slow 1100mV 0C Model Hold 'clk'
Slack : 0.297
TNS   : 0.000

Type  : Slow 1100mV 0C Model Minimum Pulse Width 'clk'
Slack : -0.724
TNS   : -4.451

Type  : Fast 1100mV 85C Model Setup 'clk'
Slack : 0.520
TNS   : 0.000

Type  : Fast 1100mV 85C Model Hold 'clk'
Slack : 0.139
TNS   : 0.000

Type  : Fast 1100mV 85C Model Minimum Pulse Width 'clk'
Slack : -0.082
TNS   : -0.326

Type  : Fast 1100mV 0C Model Setup 'clk'
Slack : 0.544
TNS   : 0.000

Type  : Fast 1100mV 0C Model Hold 'clk'
Slack : 0.127
TNS   : 0.000

Type  : Fast 1100mV 0C Model Minimum Pulse Width 'clk'
Slack : -0.084
TNS   : -0.334

------------------------------------------------------------
